// Jest Snapshot v1, https://goo.gl/fbAQLP

exports[`FMViewPicture should match snapshot 1`] = `
<div>
  <div
    class="MuiBox-root css-70qvj9"
    data-testid="view-picture-test"
  >
    <div
      class="MuiAvatar-root MuiAvatar-circular css-1fvb5lk-MuiAvatar-root"
      data-testid="avatar-profile-picture"
    >
      <img
        class="MuiAvatar-img css-1pqm26d-MuiAvatar-img"
        src="https://storage.googleapis.com/dev-hzn-assets/icons/inputAvatar.png"
      />
    </div>
    <button
      class="MuiButton-root MuiButton-outlined MuiButton-outlinedSecondary MuiButton-sizeSmall MuiButton-outlinedSizeSmall MuiButtonBase-root  css-1kc3inn-MuiButtonBase-root-MuiButton-root"
      data-testid="button-view-logo"
      tabindex="0"
      type="button"
    >
      test
      <span
        class="MuiTouchRipple-root css-8je8zh-MuiTouchRipple-root"
      />
    </button>
    <div
      aria-hidden="true"
      class="MuiBackdrop-root css-sox5kk-MuiBackdrop-root"
      data-testid="backdrop-image-picture"
      style="opacity: 0; visibility: hidden;"
    >
      <img
        alt="dummy"
        src="https://www.freepnglogos.com/uploads/netflix-logo-circle-png-5.png"
      />
    </div>
  </div>
</div>
`;
