// Jest Snapshot v1, https://goo.gl/fbAQLP

exports[`FMSelect should match snapshot 1`] = `
<div>
  <div
    class="MuiFormControl-root MuiTextField-root css-1u3bzj6-MuiFormControl-root-MuiTextField-root"
    data-testid="input-select"
  >
    <div
      class="MuiOutlinedInput-root MuiInputBase-root MuiInputBase-colorPrimary MuiInputBase-formControl MuiInputBase-adornedStart css-1q6at85-MuiInputBase-root-MuiOutlinedInput-root"
    >
      <div
        class="MuiInputAdornment-root MuiInputAdornment-positionStart MuiInputAdornment-outlined MuiInputAdornment-sizeMedium css-ittuaa-MuiInputAdornment-root"
      >
        <span
          class="notranslate"
        >
          ​
        </span>
        <div
          class="MuiInputAdornment-root MuiInputAdornment-positionStart css-ittuaa-MuiInputAdornment-root"
        >
          <span
            class="notranslate"
          >
            ​
          </span>
        </div>
      </div>
      <div
        aria-expanded="false"
        aria-haspopup="listbox"
        aria-labelledby="demo-simple-select-standard"
        class="MuiSelect-select MuiSelect-outlined MuiOutlinedInput-input MuiInputBase-input MuiInputBase-inputAdornedStart css-bf1e45-MuiSelect-select-MuiInputBase-input-MuiOutlinedInput-input"
        id="demo-simple-select-standard"
        role="button"
        tabindex="0"
      >
        <span
          class="notranslate"
        >
          ​
        </span>
      </div>
      <input
        aria-hidden="true"
        class="MuiSelect-nativeInput css-yf8vq0-MuiSelect-nativeInput"
        tabindex="-1"
        value=""
      />
      <svg
        aria-hidden="true"
        class="MuiSvgIcon-root MuiSvgIcon-fontSizeMedium MuiSelect-icon MuiSelect-iconOutlined css-hfutr2-MuiSvgIcon-root-MuiSelect-icon"
        data-testid="ArrowDropDownIcon"
        focusable="false"
        viewBox="0 0 24 24"
      >
        <path
          d="M7 10l5 5 5-5z"
        />
      </svg>
      <fieldset
        aria-hidden="true"
        class="MuiOutlinedInput-notchedOutline css-1d3z3hw-MuiOutlinedInput-notchedOutline"
      >
        <legend
          class="css-nnbavb"
        >
          <span
            class="notranslate"
          >
            ​
          </span>
        </legend>
      </fieldset>
    </div>
  </div>
</div>
`;
