// Jest Snapshot v1, https://goo.gl/fbAQLP

exports[`FASkeleton should match snapshot 1`] = `
<div>
  <span
    class="MuiSkeleton-root MuiSkeleton-text MuiSkeleton-pulse css-1n7gpw1-MuiSkeleton-root"
    data-testid="skeleton-example"
  />
</div>
`;
