// Jest Snapshot v1, https://goo.gl/fbAQLP

exports[`FAIcon should match snapshot 1`] = `
<div>
  <span
    aria-hidden="true"
    class="material-icons notranslate MuiIcon-root MuiIcon-fontSizeMedium css-kp9ftd-MuiIcon-root"
    data-testid="icon-example"
  >
    add_circle
  </span>
</div>
`;
