// Jest Snapshot v1, https://goo.gl/fbAQLP

exports[`FMCard should match snapshot 1`] = `
<div>
  <div
    class="MuiPaper-root MuiPaper-elevation MuiPaper-rounded MuiPaper-elevation1 MuiCard-root css-bhp9pd-MuiPaper-root-MuiCard-root"
    data-testid="card-example"
  >
    <div
      class="MuiCardContent-root css-46bh2p-MuiCardContent-root"
    />
  </div>
</div>
`;
