// Jest Snapshot v1, https://goo.gl/fbAQLP

exports[`FMCard should match snapshot 1`] = `
<div>
  <div
    class="MuiBox-root css-r66v1n"
    data-testid="input-avatar-test"
  >
    <div
      class="MuiAvatar-root MuiAvatar-circular css-1yctjaw-MuiAvatar-root"
      data-testid="avatar-company-logo"
    >
      <img
        class="MuiAvatar-img css-1pqm26d-MuiAvatar-img"
        src="https://storage.googleapis.com/dev-hzn-assets/icons/inputAvatar.png"
      />
    </div>
    <div
      class="css-1tg5evk-MuiStack-root"
    >
      <span
        aria-labelledby="upload-company-logo-id"
        class="MuiTypography-root MuiTypography-caption css-1sn4lm3-MuiTypography-root"
        data-testid="typography-upload-company-logo"
      >
        minimum image size 100 x 100 (max. 200 Kb). extention file must be in .PNG
      </span>
      <label>
        <input
          accept="image/*"
          hidden=""
          type="file"
        />
        <span
          class="MuiButton-root MuiButton-outlined MuiButton-outlinedSecondary MuiButton-sizeSmall MuiButton-outlinedSizeSmall MuiButtonBase-root  css-1kc3inn-MuiButtonBase-root-MuiButton-root"
          role="button"
          tabindex="0"
        >
          Upload Company Logo
          <span
            class="MuiTouchRipple-root css-8je8zh-MuiTouchRipple-root"
          />
        </span>
      </label>
    </div>
  </div>
</div>
`;
